<p>Emmanuel Macron s’est rendu du 17 au 21 décembre 2016 en Guadeloupe, Martinique et Guyane.</p>
<h3>« Je viens aux Antilles et en Guyane pour construire quelque chose de différent. »</h3>
<p>Il s’est exprimé sur sa vision des Outre-mer en amont de sa visite aux Antilles du 16 au 20 décembre 2016
dans un interview à France Antilles.</p>
<p><a href="http://www.martinique.franceantilles.fr/actualite/politique/emmanuel-macron-la-reponse-aux-problemes-de-l-outre-mer-ce-n-est-pas-le-budget-de-l-outre-mer-392729.php">Retrouvez son entretien en cliquant ici.</a></p>
<h3>En Guadeloupe</h3>
<p>Emmanuel Macron était l’invité de Guadeloupe 1ère le 17 décembre.</p>
<p><iframe width="640" height="360" src="https://www.youtube.com/embed/1zhec435GR8?rel=0&amp;showinfo=0" frameborder="0" allowfullscreen=""></iframe></p>
<h3>En Martinique</h3>
<p>Emmanuel Macron était l’invité de Martinique 1ère le 19 décembre.</p>
<p><iframe width="640" height="360" src="https://www.youtube.com/embed/Uk8tO4G0yAQ?rel=0&amp;showinfo=0" frameborder="0" allowfullscreen=""></iframe></p>
